Testing build... 
Generating Prisma Client... 
Loaded Prisma config from prisma.config.ts.

Prisma schema loaded from prisma\schema.prisma.

✔ Generated Prisma Client (v7.5.0) to .\node_modules\@prisma\client in 471ms

Start by importing your Prisma Client (See: https://pris.ly/d/importing-client)


Running tsc... 
BUILD SUCCESSFUL 
