[dotenv@17.3.1] injecting env (3) from .env -- tip: ΓÜÖ∩╕Å  specify custom .env file path with { path: '/custom/path/.env' }
node.exe : Test 
Failed: 
[GoogleGenerativeAI 
Error]: Error fetching 
from https://generative
language.googleapis.com
/v1beta/models/gemini-1
.5-flash:generateConten
t: [404 Not Found] mode
ls/gemini-1.5-flash is 
not found for API 
version v1beta, or is 
not supported for 
generateContent. Call 
ListModels to see the 
list of available 
models and their 
supported methods.
At line:1 char:1
+ & "C:\Program 
Files\nodejs/node.exe" 
"C:\Program 
Files\nodejs/node_mo 
...
+ ~~~~~~~~~~~~~~~~~~~~~
~~~~~~~~~~~~~~~~~~~~~~~
~~~~~~~~~~~~~~~~~~~~~~~
~~
    + CategoryInfo     
         : NotSpecifi  
  ed: (Test Failed:    
 [G...ported method    
s.:String) [], Rem    
oteException
    + FullyQualifiedEr 
   rorId : NativeComm  
  andError
 
